
> dami-welcome@0.1.0 build
> next build

   ▲ Next.js 16.0.0 (Turbopack)

   Creating an optimized production build ...
 ✓ Compiled successfully in 4.5s
   Running TypeScript ...
   Collecting page data ...
   Generating static pages (0/6) ...
   Generating static pages (1/6) 
   Generating static pages (2/6) 
   Generating static pages (4/6) 
 ✓ Generating static pages (6/6) in 778.4ms
   Finalizing page optimization ...

Route (app)
┌ ○ /
├ ○ /_not-found
├ ○ /icon.svg
└ ○ /manifest.webmanifest


○  (Static)  prerendered as static content

